2026-07-15T10:33:44.610+05:30  INFO 8364 --- [QuantityMeasurementApp] [restartedMain] c.a.q.QuantityMeasurementApplication     : Starting QuantityMeasurementApplication using Java 17.0.12 with PID 8364 (C:\Users\visha\OneDrive - CHITKARA UNIVERSITY\quantitymeasurement\target\classes started by visha in C:\Users\visha\OneDrive - CHITKARA UNIVERSITY\quantitymeasurement)
2026-07-15T10:33:44.619+05:30  INFO 8364 --- [QuantityMeasurementApp] [restartedMain] c.a.q.QuantityMeasurementApplication     : No active profile set, falling back to 1 default profile: "default"
2026-07-15T10:33:44.685+05:30  INFO 8364 --- [QuantityMeasurementApp] [restartedMain] .e.DevToolsPropertyDefaultsPostProcessor : Devtools property defaults active! Set 'spring.devtools.add-properties' to 'false' to disable
2026-07-15T10:33:44.685+05:30  INFO 8364 --- [QuantityMeasurementApp] [restartedMain] .e.DevToolsPropertyDefaultsPostProcessor : For additional web related logging consider setting the 'logging.level.web' property to 'DEBUG'
2026-07-15T10:33:47.287+05:30  INFO 8364 --- [QuantityMeasurementApp] [restartedMain] .s.d.r.c.RepositoryConfigurationDelegate : Bootstrapping Spring Data JPA repositories in DEFAULT mode.
2026-07-15T10:33:47.388+05:30  INFO 8364 --- [QuantityMeasurementApp] [restartedMain] .s.d.r.c.RepositoryConfigurationDelegate : Finished Spring Data repository scanning in 85 ms. Found 1 JPA repository interface.
2026-07-15T10:33:48.615+05:30  INFO 8364 --- [QuantityMeasurementApp] [restartedMain] o.s.b.w.embedded.tomcat.TomcatWebServer  : Tomcat initialized with port 8080 (http)
2026-07-15T10:33:48.635+05:30  INFO 8364 --- [QuantityMeasurementApp] [restartedMain] o.apache.catalina.core.StandardService   : Starting service [Tomcat]
2026-07-15T10:33:48.636+05:30  INFO 8364 --- [QuantityMeasurementApp] [restartedMain] o.apache.catalina.core.StandardEngine    : Starting Servlet engine: [Apache Tomcat/10.1.41]
2026-07-15T10:33:48.726+05:30  INFO 8364 --- [QuantityMeasurementApp] [restartedMain] o.a.c.c.C.[Tomcat].[localhost].[/]       : Initializing Spring embedded WebApplicationContext
2026-07-15T10:33:48.728+05:30  INFO 8364 --- [QuantityMeasurementApp] [restartedMain] w.s.c.ServletWebServerApplicationContext : Root WebApplicationContext: initialization completed in 4042 ms
2026-07-15T10:33:49.355+05:30  INFO 8364 --- [QuantityMeasurementApp] [restartedMain] o.hibernate.jpa.internal.util.LogHelper  : HHH000204: Processing PersistenceUnitInfo [name: default]
2026-07-15T10:33:49.459+05:30  INFO 8364 --- [QuantityMeasurementApp] [restartedMain] org.hibernate.Version                    : HHH000412: Hibernate ORM core version 6.6.15.Final
2026-07-15T10:33:49.517+05:30  INFO 8364 --- [QuantityMeasurementApp] [restartedMain] o.h.c.internal.RegionFactoryInitiator    : HHH000026: Second-level cache disabled
2026-07-15T10:33:50.001+05:30  INFO 8364 --- [QuantityMeasurementApp] [restartedMain] o.s.o.j.p.SpringPersistenceUnitInfo      : No LoadTimeWeaver setup: ignoring JPA class transformer
2026-07-15T10:33:50.061+05:30  INFO 8364 --- [QuantityMeasurementApp] [restartedMain] com.zaxxer.hikari.HikariDataSource       : HikariPool-1 - Starting...
2026-07-15T10:33:50.395+05:30  INFO 8364 --- [QuantityMeasurementApp] [restartedMain] com.zaxxer.hikari.pool.HikariPool        : HikariPool-1 - Added connection conn0: url=jdbc:h2:mem:quantitydb user=SA
2026-07-15T10:33:50.397+05:30  INFO 8364 --- [QuantityMeasurementApp] [restartedMain] com.zaxxer.hikari.HikariDataSource       : HikariPool-1 - Start completed.
2026-07-15T10:33:50.443+05:30  WARN 8364 --- [QuantityMeasurementApp] [restartedMain] org.hibernate.orm.deprecation            : HHH90000025: H2Dialect does not need to be specified explicitly using 'hibernate.dialect' (remove the property setting and it will be selected by default)
2026-07-15T10:33:50.474+05:30  INFO 8364 --- [QuantityMeasurementApp] [restartedMain] org.hibernate.orm.connections.pooling    : HHH10001005: Database info:
	Database JDBC URL [Connecting through datasource 'HikariDataSource (HikariPool-1)']
	Database driver: undefined/unknown
	Database version: 2.3.232
	Autocommit mode: undefined/unknown
	Isolation level: undefined/unknown
	Minimum pool size: undefined/unknown
	Maximum pool size: undefined/unknown
2026-07-15T10:33:52.035+05:30  INFO 8364 --- [QuantityMeasurementApp] [restartedMain] o.h.e.t.j.p.i.JtaPlatformInitiator       : HHH000489: No JTA platform available (set 'hibernate.transaction.jta.platform' to enable JTA platform integration)
2026-07-15T10:33:52.133+05:30  INFO 8364 --- [QuantityMeasurementApp] [restartedMain] j.LocalContainerEntityManagerFactoryBean : Initialized JPA EntityManagerFactory for persistence unit 'default'
2026-07-15T10:33:52.613+05:30  INFO 8364 --- [QuantityMeasurementApp] [restartedMain] c.a.q.s.QuantityMeasurementServiceImpl   : QuantityMeasurementService initialized.
2026-07-15T10:33:53.032+05:30  WARN 8364 --- [QuantityMeasurementApp] [restartedMain] JpaBaseConfiguration$JpaWebConfiguration : spring.jpa.open-in-view is enabled by default. Therefore, database queries may be performed during view rendering. Explicitly configure spring.jpa.open-in-view to disable this warning
2026-07-15T10:33:53.696+05:30  INFO 8364 --- [QuantityMeasurementApp] [restartedMain] o.s.b.a.e.web.EndpointLinksResolver      : Exposing 1 endpoint beneath base path '/actuator'
2026-07-15T10:33:54.714+05:30  INFO 8364 --- [QuantityMeasurementApp] [restartedMain] o.s.b.a.h2.H2ConsoleAutoConfiguration    : H2 console available at '/h2-console'. Database available at 'jdbc:h2:mem:quantitydb'
2026-07-15T10:33:54.776+05:30  INFO 8364 --- [QuantityMeasurementApp] [restartedMain] o.s.b.d.a.OptionalLiveReloadServer       : LiveReload server is running on port 35729
2026-07-15T10:33:54.894+05:30  INFO 8364 --- [QuantityMeasurementApp] [restartedMain] o.s.b.w.embedded.tomcat.TomcatWebServer  : Tomcat started on port 8080 (http) with context path '/'
2026-07-15T10:33:54.918+05:30  INFO 8364 --- [QuantityMeasurementApp] [restartedMain] c.a.q.QuantityMeasurementApplication     : Started QuantityMeasurementApplication in 11.161 seconds (process running for 13.102)
2026-07-15T10:33:57.761+05:30  INFO 8364 --- [QuantityMeasurementApp] [RMI TCP Connection(3)-192.168.56.19] o.a.c.c.C.[Tomcat].[localhost].[/]       : Initializing Spring DispatcherServlet 'dispatcherServlet'
2026-07-15T10:33:57.762+05:30  INFO 8364 --- [QuantityMeasurementApp] [RMI TCP Connection(3)-192.168.56.19] o.s.web.servlet.DispatcherServlet        : Initializing Servlet 'dispatcherServlet'
2026-07-15T10:33:57.777+05:30  INFO 8364 --- [QuantityMeasurementApp] [RMI TCP Connection(3)-192.168.56.19] o.s.web.servlet.DispatcherServlet        : Completed initialization in 9 ms
2026-07-15T10:34:07.752+05:30  INFO 8364 --- [QuantityMeasurementApp] [http-nio-8080-exec-7] o.springdoc.api.AbstractOpenApiResource  : Init duration for springdoc-openapi is: 1270 ms
2026-07-15T10:34:21.530+05:30  WARN 8364 --- [QuantityMeasurementApp] [http-nio-8080-exec-8] .m.m.a.ExceptionHandlerExceptionResolver : Resolved [org.springframework.web.servlet.resource.NoResourceFoundException: No static resource login/auth.]
2026-07-15T10:37:23.999+05:30  WARN 8364 --- [QuantityMeasurementApp] [http-nio-8080-exec-5] o.a.c.util.SessionIdGeneratorBase        : Creation of SecureRandom instance for session ID generation using [SHA1PRNG] took [271] milliseconds.
2026-07-15T10:52:48.822+05:30  INFO 8364 --- [QuantityMeasurementApp] [SpringApplicationShutdownHook] o.s.b.w.e.tomcat.GracefulShutdown        : Commencing graceful shutdown. Waiting for active requests to complete
2026-07-15T10:52:49.240+05:30  INFO 8364 --- [QuantityMeasurementApp] [tomcat-shutdown] o.s.b.w.e.tomcat.GracefulShutdown        : Graceful shutdown complete
2026-07-15T10:52:49.400+05:30  INFO 8364 --- [QuantityMeasurementApp] [SpringApplicationShutdownHook] j.LocalContainerEntityManagerFactoryBean : Closing JPA EntityManagerFactory for persistence unit 'default'
2026-07-15T10:52:49.584+05:30  WARN 8364 --- [QuantityMeasurementApp] [SpringApplicationShutdownHook] o.s.b.f.support.DisposableBeanAdapter    : Invocation of destroy method failed on bean with name 'inMemoryDatabaseShutdownExecutor': org.h2.jdbc.JdbcSQLNonTransientConnectionException: Database is already closed (to disable automatic closing at VM shutdown, add ";DB_CLOSE_ON_EXIT=FALSE" to the db URL) [90121-232]
2026-07-15T10:52:49.586+05:30  INFO 8364 --- [QuantityMeasurementApp] [SpringApplicationShutdownHook] com.zaxxer.hikari.HikariDataSource       : HikariPool-1 - Shutdown initiated...
2026-07-15T10:52:49.599+05:30  INFO 8364 --- [QuantityMeasurementApp] [SpringApplicationShutdownHook] com.zaxxer.hikari.HikariDataSource       : HikariPool-1 - Shutdown completed.
2026-07-15T10:53:11.013+05:30  INFO 24828 --- [QuantityMeasurementApp] [restartedMain] c.a.q.QuantityMeasurementApplication     : Starting QuantityMeasurementApplication using Java 17.0.12 with PID 24828 (C:\Users\visha\OneDrive - CHITKARA UNIVERSITY\quantitymeasurement\target\classes started by visha in C:\Users\visha\OneDrive - CHITKARA UNIVERSITY\quantitymeasurement)
2026-07-15T10:53:11.017+05:30  INFO 24828 --- [QuantityMeasurementApp] [restartedMain] c.a.q.QuantityMeasurementApplication     : No active profile set, falling back to 1 default profile: "default"
2026-07-15T10:53:11.123+05:30  INFO 24828 --- [QuantityMeasurementApp] [restartedMain] .e.DevToolsPropertyDefaultsPostProcessor : Devtools property defaults active! Set 'spring.devtools.add-properties' to 'false' to disable
2026-07-15T10:53:11.125+05:30  INFO 24828 --- [QuantityMeasurementApp] [restartedMain] .e.DevToolsPropertyDefaultsPostProcessor : For additional web related logging consider setting the 'logging.level.web' property to 'DEBUG'
2026-07-15T10:53:13.299+05:30  INFO 24828 --- [QuantityMeasurementApp] [restartedMain] .s.d.r.c.RepositoryConfigurationDelegate : Bootstrapping Spring Data JPA repositories in DEFAULT mode.
2026-07-15T10:53:13.392+05:30  INFO 24828 --- [QuantityMeasurementApp] [restartedMain] .s.d.r.c.RepositoryConfigurationDelegate : Finished Spring Data repository scanning in 76 ms. Found 1 JPA repository interface.
2026-07-15T10:53:14.385+05:30  INFO 24828 --- [QuantityMeasurementApp] [restartedMain] o.s.b.w.embedded.tomcat.TomcatWebServer  : Tomcat initialized with port 8080 (http)
2026-07-15T10:53:14.401+05:30  INFO 24828 --- [QuantityMeasurementApp] [restartedMain] o.apache.catalina.core.StandardService   : Starting service [Tomcat]
2026-07-15T10:53:14.402+05:30  INFO 24828 --- [QuantityMeasurementApp] [restartedMain] o.apache.catalina.core.StandardEngine    : Starting Servlet engine: [Apache Tomcat/10.1.41]
2026-07-15T10:53:14.479+05:30  INFO 24828 --- [QuantityMeasurementApp] [restartedMain] o.a.c.c.C.[Tomcat].[localhost].[/]       : Initializing Spring embedded WebApplicationContext
2026-07-15T10:53:14.479+05:30  INFO 24828 --- [QuantityMeasurementApp] [restartedMain] w.s.c.ServletWebServerApplicationContext : Root WebApplicationContext: initialization completed in 3353 ms
2026-07-15T10:53:14.907+05:30  INFO 24828 --- [QuantityMeasurementApp] [restartedMain] o.hibernate.jpa.internal.util.LogHelper  : HHH000204: Processing PersistenceUnitInfo [name: default]
2026-07-15T10:53:14.986+05:30  INFO 24828 --- [QuantityMeasurementApp] [restartedMain] org.hibernate.Version                    : HHH000412: Hibernate ORM core version 6.6.15.Final
2026-07-15T10:53:15.038+05:30  INFO 24828 --- [QuantityMeasurementApp] [restartedMain] o.h.c.internal.RegionFactoryInitiator    : HHH000026: Second-level cache disabled
2026-07-15T10:53:15.458+05:30  INFO 24828 --- [QuantityMeasurementApp] [restartedMain] o.s.o.j.p.SpringPersistenceUnitInfo      : No LoadTimeWeaver setup: ignoring JPA class transformer
2026-07-15T10:53:15.493+05:30  INFO 24828 --- [QuantityMeasurementApp] [restartedMain] com.zaxxer.hikari.HikariDataSource       : HikariPool-1 - Starting...
2026-07-15T10:53:15.745+05:30  INFO 24828 --- [QuantityMeasurementApp] [restartedMain] com.zaxxer.hikari.pool.HikariPool        : HikariPool-1 - Added connection conn0: url=jdbc:h2:mem:quantitydb user=SA
2026-07-15T10:53:15.748+05:30  INFO 24828 --- [QuantityMeasurementApp] [restartedMain] com.zaxxer.hikari.HikariDataSource       : HikariPool-1 - Start completed.
2026-07-15T10:53:15.784+05:30  WARN 24828 --- [QuantityMeasurementApp] [restartedMain] org.hibernate.orm.deprecation            : HHH90000025: H2Dialect does not need to be specified explicitly using 'hibernate.dialect' (remove the property setting and it will be selected by default)
2026-07-15T10:53:15.814+05:30  INFO 24828 --- [QuantityMeasurementApp] [restartedMain] org.hibernate.orm.connections.pooling    : HHH10001005: Database info:
	Database JDBC URL [Connecting through datasource 'HikariDataSource (HikariPool-1)']
	Database driver: undefined/unknown
	Database version: 2.3.232
	Autocommit mode: undefined/unknown
	Isolation level: undefined/unknown
	Minimum pool size: undefined/unknown
	Maximum pool size: undefined/unknown
2026-07-15T10:53:16.927+05:30  INFO 24828 --- [QuantityMeasurementApp] [restartedMain] o.h.e.t.j.p.i.JtaPlatformInitiator       : HHH000489: No JTA platform available (set 'hibernate.transaction.jta.platform' to enable JTA platform integration)
2026-07-15T10:53:17.002+05:30  INFO 24828 --- [QuantityMeasurementApp] [restartedMain] j.LocalContainerEntityManagerFactoryBean : Initialized JPA EntityManagerFactory for persistence unit 'default'
2026-07-15T10:53:17.527+05:30  INFO 24828 --- [QuantityMeasurementApp] [restartedMain] c.a.q.s.QuantityMeasurementServiceImpl   : QuantityMeasurementService initialized.
2026-07-15T10:53:17.884+05:30  WARN 24828 --- [QuantityMeasurementApp] [restartedMain] JpaBaseConfiguration$JpaWebConfiguration : spring.jpa.open-in-view is enabled by default. Therefore, database queries may be performed during view rendering. Explicitly configure spring.jpa.open-in-view to disable this warning
2026-07-15T10:53:18.549+05:30  INFO 24828 --- [QuantityMeasurementApp] [restartedMain] o.s.b.a.e.web.EndpointLinksResolver      : Exposing 1 endpoint beneath base path '/actuator'
2026-07-15T10:53:21.375+05:30  INFO 24828 --- [QuantityMeasurementApp] [restartedMain] o.s.b.a.h2.H2ConsoleAutoConfiguration    : H2 console available at '/h2-console'. Database available at 'jdbc:h2:mem:quantitydb'
2026-07-15T10:53:21.437+05:30  INFO 24828 --- [QuantityMeasurementApp] [restartedMain] o.s.b.d.a.OptionalLiveReloadServer       : LiveReload server is running on port 35729
2026-07-15T10:53:21.543+05:30  INFO 24828 --- [QuantityMeasurementApp] [restartedMain] o.s.b.w.embedded.tomcat.TomcatWebServer  : Tomcat started on port 8080 (http) with context path '/'
2026-07-15T10:53:21.563+05:30  INFO 24828 --- [QuantityMeasurementApp] [restartedMain] c.a.q.QuantityMeasurementApplication     : Started QuantityMeasurementApplication in 11.561 seconds (process running for 13.219)
2026-07-15T10:53:22.040+05:30  INFO 24828 --- [QuantityMeasurementApp] [RMI TCP Connection(2)-192.168.56.19] o.a.c.c.C.[Tomcat].[localhost].[/]       : Initializing Spring DispatcherServlet 'dispatcherServlet'
2026-07-15T10:53:22.041+05:30  INFO 24828 --- [QuantityMeasurementApp] [RMI TCP Connection(2)-192.168.56.19] o.s.web.servlet.DispatcherServlet        : Initializing Servlet 'dispatcherServlet'
2026-07-15T10:53:22.043+05:30  INFO 24828 --- [QuantityMeasurementApp] [RMI TCP Connection(2)-192.168.56.19] o.s.web.servlet.DispatcherServlet        : Completed initialization in 2 ms
2026-07-15T10:53:48.440+05:30  INFO 24828 --- [QuantityMeasurementApp] [http-nio-8080-exec-9] o.springdoc.api.AbstractOpenApiResource  : Init duration for springdoc-openapi is: 549 ms
2026-07-15T10:54:37.024+05:30  INFO 24828 --- [QuantityMeasurementApp] [SpringApplicationShutdownHook] o.s.b.w.e.tomcat.GracefulShutdown        : Commencing graceful shutdown. Waiting for active requests to complete
2026-07-15T10:54:37.185+05:30  INFO 24828 --- [QuantityMeasurementApp] [tomcat-shutdown] o.s.b.w.e.tomcat.GracefulShutdown        : Graceful shutdown complete
2026-07-15T10:54:37.209+05:30  INFO 24828 --- [QuantityMeasurementApp] [SpringApplicationShutdownHook] j.LocalContainerEntityManagerFactoryBean : Closing JPA EntityManagerFactory for persistence unit 'default'
2026-07-15T10:54:37.295+05:30  WARN 24828 --- [QuantityMeasurementApp] [SpringApplicationShutdownHook] o.s.b.f.support.DisposableBeanAdapter    : Invocation of destroy method failed on bean with name 'inMemoryDatabaseShutdownExecutor': org.h2.jdbc.JdbcSQLNonTransientConnectionException: Database is already closed (to disable automatic closing at VM shutdown, add ";DB_CLOSE_ON_EXIT=FALSE" to the db URL) [90121-232]
2026-07-15T10:54:37.307+05:30  INFO 24828 --- [QuantityMeasurementApp] [SpringApplicationShutdownHook] com.zaxxer.hikari.HikariDataSource       : HikariPool-1 - Shutdown initiated...
2026-07-15T10:54:37.314+05:30  INFO 24828 --- [QuantityMeasurementApp] [SpringApplicationShutdownHook] com.zaxxer.hikari.HikariDataSource       : HikariPool-1 - Shutdown completed.
